适用于 .NET Framework MSBuild 版本 17.14.19+164abd434

  mouse_native_contract.vcxproj -> D:\work\AI\yolo-study-001\native\build\Release\mouse_native_contract.lib
  cod_native_benchmark_physical_input_tests.vcxproj -> D:\work\AI\yolo-study-001\native\build\Release\cod_native_benchmark_physical_input_tests.exe
  recoil_profile_tools.vcxproj -> D:\work\AI\yolo-study-001\native\build\Release\recoil_profile_tools.lib
  runtime_config.cpp
  vision_native_core.vcxproj -> D:\work\AI\yolo-study-001\native\build\vision_native\Release\vision_native_core.lib
  cod_native_pid_benchmark_controller_tests.vcxproj -> D:\work\AI\yolo-study-001\native\build\Release\cod_native_pid_benchmark_controller_tests.exe
  fusion_shared.vcxproj -> D:\work\AI\yolo-study-001\native\build\Release\fusion_shared.lib
  cod_native_sustained_aimlab_score_tests.vcxproj -> D:\work\AI\yolo-study-001\native\build\Release\cod_native_sustained_aimlab_score_tests.exe
  cod_native_sustained_aimlab_scenario_tests.vcxproj -> D:\work\AI\yolo-study-001\native\build\Release\cod_native_sustained_aimlab_scenario_tests.exe
  cod_native_sustained_aimlab_simulator_tests.vcxproj -> D:\work\AI\yolo-study-001\native\build\Release\cod_native_sustained_aimlab_simulator_tests.exe
  cod_native_sustained_aimlab_trace_tests.vcxproj -> D:\work\AI\yolo-study-001\native\build\Release\cod_native_sustained_aimlab_trace_tests.exe
  cod_native_aimlab_benchmark.vcxproj -> D:\work\AI\yolo-study-001\native\build\Release\cod_native_aimlab_benchmark.exe
  cod_native_aimlab_benchmark_tests.vcxproj -> D:\work\AI\yolo-study-001\native\build\Release\cod_native_aimlab_benchmark_tests.exe
  fusion_capture_support.vcxproj -> D:\work\AI\yolo-study-001\native\build\Release\fusion_capture_support.lib
  fusion_overlay_core.vcxproj -> D:\work\AI\yolo-study-001\native\build\Release\fusion_overlay_core.lib
  vision_native_debug.vcxproj -> D:\work\AI\yolo-study-001\native\build\Release\vision_native_debug.exe
  vision_native_smoke.vcxproj -> D:\work\AI\yolo-study-001\native\build\Release\vision_native_smoke.exe
  fusion_canvas.vcxproj -> D:\work\AI\yolo-study-001\native\build\Release\fusion_canvas.exe
  fusion_overlay_contract_tests.vcxproj -> D:\work\AI\yolo-study-001\native\build\Release\fusion_overlay_contract_tests.exe
  controller_native_core.vcxproj -> D:\work\AI\yolo-study-001\native\build\Release\controller_native_core.lib
  mouse_native_control.vcxproj -> D:\work\AI\yolo-study-001\native\build\Release\mouse_native_control.lib
  cod_native_benchmark_controller_adapter_tests.vcxproj -> D:\work\AI\yolo-study-001\native\build\Release\cod_native_benchmark_controller_adapter_tests.exe
  cod_native_functional_tests.vcxproj -> D:\work\AI\yolo-study-001\native\build\Release\cod_native_functional_tests.exe
  cod_native_sustained_aimlab_benchmark.vcxproj -> D:\work\AI\yolo-study-001\native\build\Release\cod_native_sustained_aimlab_benchmark.exe
  cod_native_runtime.vcxproj -> D:\work\AI\yolo-study-001\native\build\Release\cod_native_runtime.exe
  runtime_config_tests.cpp
  cod_native_mouse_runtime.vcxproj -> D:\work\AI\yolo-study-001\native\build\Release\cod_native_mouse_runtime.exe
  cod_native_mouse_target_point_tests.vcxproj -> D:\work\AI\yolo-study-001\native\build\Release\cod_native_mouse_target_point_tests.exe
  cod_native_mouse_relay_contract_tests.vcxproj -> D:\work\AI\yolo-study-001\native\build\Release\cod_native_mouse_relay_contract_tests.exe
  cod_native_mouse_virtual_hid_transport_tests.vcxproj -> D:\work\AI\yolo-study-001\native\build\Release\cod_native_mouse_virtual_hid_transport_tests.exe
  cod_native_mouse_virtual_session_tests.vcxproj -> D:\work\AI\yolo-study-001\native\build\Release\cod_native_mouse_virtual_session_tests.exe
  cod_native_mouse_relay_client_tests.vcxproj -> D:\work\AI\yolo-study-001\native\build\Release\cod_native_mouse_relay_client_tests.exe
  cod_native_mouse_bodylock_curve_tests.vcxproj -> D:\work\AI\yolo-study-001\native\build\Release\cod_native_mouse_bodylock_curve_tests.exe
  cod_native_mouse_runtime_supervisor_tests.vcxproj -> D:\work\AI\yolo-study-001\native\build\Release\cod_native_mouse_runtime_supervisor_tests.exe
  cod_native_mouse_sensitivity_calibrator_tests.vcxproj -> D:\work\AI\yolo-study-001\native\build\Release\cod_native_mouse_sensitivity_calibrator_tests.exe
  cod_native_mouse_controller_runtime_core_tests.vcxproj -> D:\work\AI\yolo-study-001\native\build\Release\cod_native_mouse_controller_runtime_core_tests.exe
  cod_native_mouse_diagnostics_tests.vcxproj -> D:\work\AI\yolo-study-001\native\build\Release\cod_native_mouse_diagnostics_tests.exe
  cod_native_mouse_bodylock_deadzone_tests.vcxproj -> D:\work\AI\yolo-study-001\native\build\Release\cod_native_mouse_bodylock_deadzone_tests.exe
  cod_native_mouse_interception_transport_tests.vcxproj -> D:\work\AI\yolo-study-001\native\build\Release\cod_native_mouse_interception_transport_tests.exe
  cod_native_mouse_manual_judgment_tests.vcxproj -> D:\work\AI\yolo-study-001\native\build\Release\cod_native_mouse_manual_judgment_tests.exe
  cod_native_mouse_recoil_tests.vcxproj -> D:\work\AI\yolo-study-001\native\build\Release\cod_native_mouse_recoil_tests.exe
  cod_native_mouse_adapter_tests.vcxproj -> D:\work\AI\yolo-study-001\native\build\Release\cod_native_mouse_adapter_tests.exe
  cod_native_mouse_emergency_exit_tests.vcxproj -> D:\work\AI\yolo-study-001\native\build\Release\cod_native_mouse_emergency_exit_tests.exe
  cod_native_mouse_bodylock_escape_tests.vcxproj -> D:\work\AI\yolo-study-001\native\build\Release\cod_native_mouse_bodylock_escape_tests.exe
  cod_native_mouse_controller_facade_tests.vcxproj -> D:\work\AI\yolo-study-001\native\build\Release\cod_native_mouse_controller_facade_tests.exe
  cod_native_mouse_auto_fire_button_tests.vcxproj -> D:\work\AI\yolo-study-001\native\build\Release\cod_native_mouse_auto_fire_button_tests.exe
  cod_native_mouse_target_point_boundaries_tests.vcxproj -> D:\work\AI\yolo-study-001\native\build\Release\cod_native_mouse_target_point_boundaries_tests.exe
  cod_native_mouse_tuning_tests.vcxproj -> D:\work\AI\yolo-study-001\native\build\Release\cod_native_mouse_tuning_tests.exe
  cod_native_base_tests.vcxproj -> D:\work\AI\yolo-study-001\native\build\Release\cod_native_base_tests.exe
