Internal ctest changing into directory: D:/work/AI/yolo-study-001/native/build
Test project D:/work/AI/yolo-study-001/native/build
    Start 5: BaseBodyLock
1/1 Test #5: BaseBodyLock .....................***Failed    5.34 sec
[PASS] BaseBodyLock.real_plan_owns_stage_range_and_handover (0.09 ms)
[PASS] BaseBodyLock.ai_deadzone_hot_reload_preserves_manual_and_recoil (0.02 ms)
[PASS] BaseBodyLock.independent_parameters_hot_apply_keeps_identity (0.01 ms)
[PASS] BaseBodyLock.learning_pause_preserves_and_resumes_samples (1.74 ms)
[PASS] BaseBodyLock.four_region_snapshot_priors (0.95 ms)
[PASS] BaseBodyLock.high_rate_camera_observation (6.42 ms)
[PASS] BaseBodyLock.high_rate_response_learning (37.98 ms)
[PASS] BaseBodyLock.unpublished_commands_cannot_train_motion (0.05 ms)
[PASS] BaseBodyLock.delivery_receipt_coordinate_and_failure (0.06 ms)
[PASS] BaseBodyLock.cold_response_prior_before_learning (0.59 ms)
[PASS] BaseBodyLock.gamepad_prior_preserves_horizon_and_mouse (1.08 ms)
[PASS] BaseBodyLock.direct_feedback_distance_reaches_native_chain (0.03 ms)
[PASS] BaseBodyLock.gamepad_authority_curve_continuity (7.30 ms)
[CarryReleaseSweep] max_step=0.04 tick=300 axis=0 physical=-0.02 centered=-0.02 activity=0.07 previous=0.43 final=0.46
[PASS] BaseBodyLock.carried_axis_release_continuity (1.91 ms)
[PASS] BaseBodyLock.deadzone_sized_drift_is_neutral (0.01 ms)
[PASS] BaseBodyLock.sustained_input_is_not_learned_away (0.01 ms)
[PASS] BaseBodyLock.reversal_and_release_are_explicit (0.00 ms)
[PASS] BaseBodyLock.gesture_purpose_survives_target_acquisition (0.00 ms)
[PASS] BaseBodyLock.two_dimensional_reversal_starts_new_purpose (0.00 ms)
[PASS] BaseBodyLock.correction_purpose_does_not_cross_target_loss (0.00 ms)
[PASS] BaseBodyLock.no_gesture_when_no_material_input (0.00 ms)
[PASS] BaseBodyLock.acquire_flick_on_deliberate_onset_push (0.00 ms)
[PASS] BaseBodyLock.recoil_pull_while_firing_and_pulling_down (0.00 ms)
[PASS] BaseBodyLock.follow_track_when_assist_holds_and_user_is_light (0.00 ms)
[PASS] BaseBodyLock.lead_track_when_crosshair_rides_ahead_of_fast_target (0.00 ms)
[PASS] BaseBodyLock.slow_target_never_classifies_as_lead (0.00 ms)
[PASS] BaseBodyLock.correct_track_for_bounded_desired_point_push (0.00 ms)
[PASS] BaseBodyLock.handover_intent_is_explicit (0.00 ms)
[PASS] BaseBodyLock.unreliable_when_material_input_matches_no_template (0.00 ms)
[PASS] BaseBodyLock.free_look_without_assistance_is_not_unreliable (0.00 ms)
[PASS] BaseBodyLock.degraded_firing_flail_collapses_trust (0.00 ms)
[PASS] BaseBodyLock.reset_clears_firing_edge (0.00 ms)
[PASS] BaseBodyLock.operation_class_names_are_stable (0.00 ms)
[PASS] BaseBodyLock.acquisition_point_preserves_arrival_neighborhood (0.00 ms)
[PASS] BaseBodyLock.acquisition_point_carries_geometry_and_yields_to_manual (0.00 ms)
[PASS] BaseBodyLock.geometry_and_desired_point_have_separate_state (0.00 ms)
[PASS] BaseBodyLock.geometry_refresh_preserves_user_corrected_d (0.00 ms)
[PASS] BaseBodyLock.desired_point_wall_time_across_cadences (0.02 ms)
[PASS] BaseBodyLock.boundary_exit_wall_time_across_cadences (0.10 ms)
[PASS] BaseBodyLock.no_source_tick_reuses_immutable_plan (0.00 ms)
[PASS] BaseBodyLock.fresh_no_selection_drops_authority (0.00 ms)
[PASS] BaseBodyLock.fresh_empty_frame_drops_target (0.00 ms)
[PASS] BaseBodyLock.velocity_updates_only_on_fresh_capture (0.00 ms)
[PASS] BaseBodyLock.same_generation_cue_is_only_continuity_path (0.00 ms)
[PASS] BaseBodyLock.manual_correction_moves_d_only_inside_region (0.00 ms)
[PASS] BaseBodyLock.cue_carries_corrected_desired_point (0.00 ms)
[PASS] BaseBodyLock.target_replacement_resets_corrected_point (0.00 ms)
[PASS] BaseBodyLock.firing_downward_does_not_arm_handover (0.00 ms)
[PASS] BaseBodyLock.unconfirmed_budget_keeps_safety_ceiling (0.00 ms)
[PASS] BaseBodyLock.range_envelope_survives_curves_and_preserves_motion (0.00 ms)
[PASS] BaseBodyLock.bounded_position_and_ai_deadzone_boundaries (0.00 ms)
[FAIL] BaseBodyLock.range_response_delayed_plant_sweep: static target must still be acquired in short and long plant runs; all cases reported
[PASS] BaseBodyLock.independent_limits_and_response_randomized (41.43 ms)
[PASS] BaseBodyLock.feedback_distance_delay_noise_sweep (403.87 ms)
[PASS] BaseBodyLock.center_crossing_incident (0.83 ms)
[PASS] BaseBodyLock.inactive_plan_is_neutral (0.00 ms)
[PASS] BaseBodyLock.current_error_owns_position_proposal (0.00 ms)
[PASS] BaseBodyLock.cue_uses_same_source_owned_solve (0.00 ms)
[PASS] BaseBodyLock.manual_input_does_not_create_second_policy (0.00 ms)
[PASS] BaseBodyLock.motion_cannot_reverse_position_axis (0.00 ms)
[PASS] BaseBodyLock.orthogonal_motion_cannot_mask_reversal (0.00 ms)
[PASS] BaseBodyLock.force_envelope_remains_bounded (0.00 ms)
[PASS] BaseBodyLock.aligned_motion_replaces_screen_hint (0.00 ms)
[PASS] BaseBodyLock.camera_work_removed_from_stationary_target (0.00 ms)
[PASS] BaseBodyLock.perfect_tracking_recovers_total_command (0.00 ms)
[PASS] BaseBodyLock.speed_step_reaches_total_without_error_debt (0.00 ms)
[PASS] BaseBodyLock.deceleration_discharges_faster_than_rise (0.00 ms)
[PASS] BaseBodyLock.replacement_requires_new_aligned_evidence (0.00 ms)
[PASS] BaseBodyLock.incident_recoil_not_target_motion (2.87 ms)
[PASS] BaseBodyLock.randomized_firing_tracking (1820.94 ms)
[PASS] BaseBodyLock.delivered_recoil_coordinates (6.06 ms)
[PASS] BaseBodyLock.bodylock_semantic_point_false_motion (1486.13 ms)
[PASS] BaseBodyLock.motion_anchor_learning_and_domains (372.36 ms)
[PASS] BaseBodyLock.zero_target_retains_manual_allocation (1.78 ms)
[PASS] BaseBodyLock.centered_target_ignores_wrong_low_intent (723.17 ms)
[PASS] BaseBodyLock.hold_evidence_preserves_moving_and_manual_work (0.33 ms)
[PASS] BaseBodyLock.native_hold_restarts_on_effective_motion (73.81 ms)
[PASS] BaseBodyLock.mouse_bodylock_temporal_boundaries (0.02 ms)
[PASS] BaseBodyLock.mouse_moving_target_keeps_speed_at_zero_error (0.02 ms)
[PASS] BaseBodyLock.shaper_step_and_reversal_are_bounded (0.00 ms)
[PASS] BaseBodyLock.shaper_reversal_discharges_before_rise (0.00 ms)
[PASS] BaseBodyLock.plan_loss_decays_without_reversal (0.00 ms)
[PASS] BaseBodyLock.cue_never_ramps_without_observation (0.00 ms)
[PASS] BaseBodyLock.cue_cannot_add_downstream_hint_force (0.00 ms)
[PASS] BaseBodyLock.wrong_axis_does_not_ramp_weaker_assist (0.00 ms)
[PASS] BaseBodyLock.manual_ownership_not_duplicated_in_shaper (0.00 ms)
[PASS] BaseBodyLock.shaper_never_amplifies_reduced_request (0.00 ms)
[PASS] BaseBodyLock.shaper_reversal_discharges_old_direction (0.00 ms)
[PASS] BaseBodyLock.ads_bodylock_same_direction_has_no_carry (0.00 ms)
[PASS] BaseBodyLock.ads_bodylock_opposite_has_no_carry (0.00 ms)
[PASS] BaseBodyLock.ads_bodylock_vector_handoff_respects_components (0.00 ms)
[PASS] BaseBodyLock.target_change_does_not_smooth_old_force (0.00 ms)
[PASS] BaseBodyLock.initial_acquisition_uses_normal_slew (0.00 ms)
[PASS] BaseBodyLock.non_handoff_mode_change_uses_normal_slew (0.00 ms)
[PASS] BaseBodyLock.independent_region_priors_randomized (13.98 ms)
[PASS] BaseBodyLock.configured_prior_retains_learning (0.02 ms)
[PASS] BaseBodyLock.response_fallback_and_convergence (0.01 ms)
[PASS] BaseBodyLock.response_persists_and_adapts_to_slowdown (0.01 ms)
[PASS] BaseBodyLock.free_and_slow_zone_response_are_separate (0.01 ms)
[PASS] BaseBodyLock.default_response_preserves_adjacent_pair_policy (0.00 ms)
[PASS] BaseBodyLock.slow_zone_weight_is_continuous (0.01 ms)
[PASS] BaseBodyLock.ambiguous_intervals_are_rejected (0.00 ms)
[PASS] BaseBodyLock.response_reset_clears_learning (0.00 ms)
[PASS] BaseBodyLock.sustaining_motion_respects_mouse_point_policy (0.00 ms)
[PASS] BaseBodyLock.error_rate_cannot_claim_sustaining_ownership (0.00 ms)
[PASS] BaseBodyLock.solver_radial_direction_and_y_sign (0.00 ms)
[PASS] BaseBodyLock.solver_horizon_and_response_have_units (0.00 ms)
[PASS] BaseBodyLock.motion_feedforward_not_multiplied_by_cap (0.00 ms)
[PASS] BaseBodyLock.motion_does_not_reverse_residual (0.00 ms)
[PASS] BaseBodyLock.position_bounds_only_opposing_axis_motion (0.00 ms)
[PASS] BaseBodyLock.orthogonal_motion_cannot_mask_axis_reversal (0.00 ms)
[PASS] BaseBodyLock.elliptical_force_scales_one_vector (0.00 ms)
[PASS] BaseBodyLock.authority_caps_after_curve_inversion (0.00 ms)
[PASS] BaseBodyLock.clear_authority_does_not_multiply_mode_cap (0.00 ms)
[PASS] BaseBodyLock.dynamic_plugin_round_trips_seed_curve (0.00 ms)
[PASS] BaseBodyLock.dynamic_curve_shapes_target_around_reference (0.00 ms)
[PASS] BaseBodyLock.dynamic_curve_preserves_radial_direction (0.00 ms)
[PASS] BaseBodyLock.upright_and_crouched_boxes_use_relative_height (0.00 ms)
[PASS] BaseBodyLock.wide_low_box_preserves_vision_point (0.00 ms)
[PASS] BaseBodyLock.invalid_box_preserves_vision_point (0.00 ms)
[PASS] BaseBodyLock.edge_weapon_occlusion_has_no_geometry_debt (0.00 ms)
[PASS] BaseBodyLock.stable_aim_preserves_rigid_translation (0.00 ms)
[PASS] BaseBodyLock.stable_aim_bridges_one_anchor_dropout (0.00 ms)
Apex BodyLock high-frequency incident: GREEN report=D:/work/AI/yolo-study-001/native/build/native-test-artifacts/base/BaseBodyLock\bodylock_high_frequency_incident.json
[PASS] BaseBodyLock.incident_bodylock_high_frequency (11.09 ms)
[NativeBaseTests] selected=124 passed=123 failed=1 invalid=0 elapsed_ms=5059.14


0% tests passed, 1 tests failed out of 1

Label Time Summary:
BaseBodyLock    =   5.34 sec*proc (1 test)
base            =   5.34 sec*proc (1 test)

Total Test time (real) =   5.34 sec

The following tests FAILED:
	  5 - BaseBodyLock (Failed)                             BaseBodyLock base
Errors while running CTest
